user AQ
userloc A 29 0
userloc Q 0 0
fund A 400
fund Q 10000
credit A 0
credit Q 0
nextuser Q