user AQ
fund A 10000
credit A 1000
userloc A 27 0
fund Q 10000
credit Q 40
userloc Q 28 0
gift Q robot 10
nextuser Q