user AQ
fund A 10000
credit A 420
userloc A 28 0
gift A robot 9
gift A barrier 1
fund Q 10000
credit Q 420
userloc Q 28 0
gift Q robot 9
gift Q barrier 1
nextuser Q