user AQ
fund A 10000
credit A 470
userloc A 28 0
gift A robot 10
fund Q 10000
credit Q 470
userloc Q 28 0
gift Q robot 10
nextuser Q