user AQ
fund A 10000
credit A 40
userloc A 28 0
gift A robot 9
fund Q 10000
credit Q 40
userloc Q 28 0
gift Q robot 9
nextuser Q