user AQSJ

fund A 10000
fund Q 10000
fund S 10000
fund J 12000

credit A 100
credit Q 200
credit S 184 #234-50
credit J 333

gift A barrier 2
gift Q barrier 1
gift S barrier 3
gift J barrier 3

userloc A 7 0
userloc Q 16 0
userloc S 28 0
userloc J 35 0

nextuser A