user AQS

fund A 1000
fund Q 2000
fund S 1000

gift A barrier 2
gift Q barrier 2

credit A 10
credit Q 10
credit S 10

userloc A 11 0
userloc Q 3 0
userloc S 3 0

nextuser Q
