user AQ
fund A 10000
credit A 0
gift A robot 5
gift A barrier 2
userloc A 15 0
fund Q 10000
credit Q 0
gift Q robot 5
gift Q barrier 5
barrier 13
barrier 16
userloc Q 50 0
nextuser Q
