user AQ
fund A 10800
credit A 0
userloc A 5 0
fund Q 10000
credit Q 0
userloc Q 4 0
nextuser A