user AQ
map 12 a 1
userloc A 12 0
userloc Q 0 0
fund A 100
fund Q 10000
credit A 0
credit Q 0
nextuser Q