user AQ
userloc A 11 0
userloc Q 0 0
fund A 250
fund Q 10000
credit A 0
credit Q 0
nextuser Q