user AQ
fund A 10000
fund Q 10000

credit A 0
credit Q 0

userloc A 63 0
userloc Q 0 1

nextuser A