user AQ
fund A 10400
credit A 0
userloc A 15 0
fund Q 10000
credit Q 0
userloc Q 47 0
nextuser Q