user AQS

fund A 10000
fund Q 10000
fund S 10000

credit A 10
credit Q 10
credit S 10

barrier 55

userloc A 37 0
userloc Q 27 0
userloc S 42 0

nextuser S

