user AQ
fund A 10000
credit A 1000
userloc A 27 0
fund Q 10000
credit Q 10
userloc Q 28 0
gift Q barrier 1
gift Q robot 6
nextuser Q