user AQ

map 37 Q 0

fund A 500
fund Q 300

credit A 0
credit Q 0

userloc A 37 0
userloc Q 40 0

gift A god 2

nextuser Q