user AQS
fund A 10000
credit A 0
userloc A 63 0
fund Q 10000
credit Q 0
userloc Q 0 0
fund S 10000
credit S 0
userloc S 0 2
nextuser Q