user AQ

fund A 10000
fund Q 10000

credit A 80
credit Q 20

userloc A 68 0
userloc Q 69 0

nextuser A